// Jest Snapshot v1, https://goo.gl/fbAQLP

exports[`Summary Component displays the correct total 1`] = `
<section
  className="main__summary"
>
  <h3>
    NEW GREENLEAF 2018
  </h3>
  <div
    className="summary__option"
    key="selected"
  >
    <div
      className="summary__option__label"
    >
      selected
       
    </div>
    <div
      className="summary__option__value"
    />
    <div
      className="summary__option__cost"
    >
      $NaN
    </div>
  </div>
  <div
    className="summary__total"
  >
    <div
      className="summary__total__label"
    >
      Your Price:
       
    </div>
    <div
      className="summary__total__value"
    >
      $NaN
    </div>
  </div>
</section>
`;
